###############################################################################
#
# IAR ELF Linker V8.11.3.13950/W32 for ARM                01/Feb/2023  18:14:07
# Copyright 2007-2017 IAR Systems AB.
#
#    Output file  =  C:\Users\quanv\Documents\EE 475\door\Debug\Exe\door.out
#    Map file     =  C:\Users\quanv\Documents\EE 475\door\Debug\List\door.map
#    Command line =  
#        -f C:\Users\quanv\AppData\Local\Temp\EW12A7.tmp
#        ("C:\Users\quanv\Documents\EE 475\door\Debug\Obj\main.o"
#        "C:\Users\quanv\Documents\EE 475\door\Debug\Obj\misc.o"
#        "C:\Users\quanv\Documents\EE 475\door\Debug\Obj\startup_stm32f4xx.o"
#        "C:\Users\quanv\Documents\EE 475\door\Debug\Obj\stm32f4_discovery.o"
#        "C:\Users\quanv\Documents\EE 475\door\Debug\Obj\stm32f4xx_exti.o"
#        "C:\Users\quanv\Documents\EE 475\door\Debug\Obj\stm32f4xx_gpio.o"
#        "C:\Users\quanv\Documents\EE 475\door\Debug\Obj\stm32f4xx_it.o"
#        "C:\Users\quanv\Documents\EE 475\door\Debug\Obj\stm32f4xx_rcc.o"
#        "C:\Users\quanv\Documents\EE 475\door\Debug\Obj\stm32f4xx_tim.o"
#        "C:\Users\quanv\Documents\EE 475\door\Debug\Obj\system_stm32f4xx.o"
#        "C:\Users\quanv\Documents\EE 475\door\Debug\Obj\tm_stm32f4_gpio.o"
#        "C:\Users\quanv\Documents\EE 475\door\Debug\Obj\tm_stm32f4_pwm.o"
#        "C:\Users\quanv\Documents\EE 475\door\Debug\Obj\tm_stm32f4_servo.o"
#        "C:\Users\quanv\Documents\EE
#        475\door\Debug\Obj\tm_stm32f4_timer_properties.o" -o
#        "C:\Users\quanv\Documents\EE 475\door\Debug\Exe\door.out" --redirect
#        _Printf=_PrintfFullNoMb --redirect _Scanf=_ScanfFullNoMb --map
#        "C:\Users\quanv\Documents\EE 475\door\Debug\List\door.map" --config
#        "C:\Users\quanv\Documents\EE 475\door\door.icf" --semihosting --entry
#        __iar_program_start --vfe --text_out locale)
#
###############################################################################

*******************************************************************************
*** RUNTIME MODEL ATTRIBUTES
***

CppFlavor       = *
__SystemLibrary = DLib
__dlib_version  = 6


*******************************************************************************
*** HEAP SELECTION
***

The basic heap was selected because some modules are built with
size limitations (and not runtime checking), and --advanced_heap
was not specified.


*******************************************************************************
*** PLACEMENT SUMMARY
***

"A0":  place at 0x08000000 { ro section .intvec };
"P1":  place in [from 0x08000000 to 0x080fffff] { ro };
define block CSTACK with size = 8K, alignment = 8 { };
"P3":  place in [from 0x10000000 to 0x1000ffff] {
          block CSTACK, section .ccram };
define block HEAP with size = 8K, alignment = 8 { };
"P4":  place in [from 0x20000000 to 0x2001bfff] |
                [from 0x2001c000 to 0x2001ffff] { rw, block HEAP };
initialize by copy { rw };

  Section            Kind        Address    Size  Object
  -------            ----        -------    ----  ------
"A0":                                      0x188
  .intvec            ro code  0x08000000   0x188  startup_stm32f4xx.o [1]
                            - 0x08000188   0x188

"P1":                                     0x2018
  .text              ro code  0x08000188   0xd80  tm_stm32f4_pwm.o [1]
  .text              ro code  0x08000f08   0x2b4  tm_stm32f4_timer_properties.o [1]
  .text              ro code  0x080011bc    0x1a  U32ToDbl.o [4]
  .text              ro code  0x080011d8    0x2e  DblCmpLe.o [4]
  .text              ro code  0x08001208    0x20  DblCmpEq.o [4]
  .text              ro code  0x08001228    0x28  DblToU32.o [4]
  .text              ro code  0x08001250   0x246  DblDiv.o [4]
  .text              ro code  0x08001498   0x2ee  stm32f4xx_tim.o [1]
  .text              ro code  0x08001788   0x190  tm_stm32f4_gpio.o [1]
  .text              ro code  0x08001918   0x114  stm32f4xx_rcc.o [1]
  .text              ro code  0x08001a2c   0x1cc  main.o [1]
  .text              ro code  0x08001bf8    0xac  tm_stm32f4_servo.o [1]
  .text              ro code  0x08001ca4    0xb8  stm32f4xx_gpio.o [1]
  .text              ro code  0x08001d5c   0x154  system_stm32f4xx.o [1]
  .text              ro code  0x08001eb0    0x40  zero_init3.o [5]
  .text              ro code  0x08001ef0    0x30  stm32f4xx_it.o [1]
  .text              ro code  0x08001f20    0x2c  copy_init3.o [5]
  .text              ro code  0x08001f4c    0x28  data_init.o [5]
  .text              ro code  0x08001f74    0x22  fpinit_M.o [4]
  .iar.init_table    const    0x08001f98    0x24  - Linker created -
  .text              ro code  0x08001fbc    0x1a  cmain.o [5]
  .text              ro code  0x08001fd6     0x4  low_level_init.o [3]
  .text              ro code  0x08001fda     0x4  exit.o [3]
  .text              ro code  0x08001fe0     0xa  cexit.o [5]
  .text              ro code  0x08001fec    0x14  exit.o [6]
  .text              ro code  0x08002000    0x10  startup_stm32f4xx.o [1]
  .text              ro code  0x08002010     0xc  cstartup_M.o [5]
  .text              ro code  0x0800201c     0x4  startup_stm32f4xx.o [1]
  .text              ro code  0x08002020     0x4  startup_stm32f4xx.o [1]
  .text              ro code  0x08002024     0x4  startup_stm32f4xx.o [1]
  .text              ro code  0x08002028     0x4  startup_stm32f4xx.o [1]
  .text              ro code  0x0800202c     0x4  startup_stm32f4xx.o [1]
  .text              ro code  0x08002030     0x4  startup_stm32f4xx.o [1]
  .text              ro code  0x08002034     0x4  startup_stm32f4xx.o [1]
  .text              ro code  0x08002038     0x4  startup_stm32f4xx.o [1]
  .text              ro code  0x0800203c     0x4  startup_stm32f4xx.o [1]
  .text              ro code  0x08002040     0x4  startup_stm32f4xx.o [1]
  .text              ro code  0x08002044     0x4  startup_stm32f4xx.o [1]
  .text              ro code  0x08002048     0x4  startup_stm32f4xx.o [1]
  .text              ro code  0x0800204c     0x4  startup_stm32f4xx.o [1]
  .text              ro code  0x08002050     0x4  startup_stm32f4xx.o [1]
  .text              ro code  0x08002054     0x4  startup_stm32f4xx.o [1]
  .text              ro code  0x08002058     0x4  startup_stm32f4xx.o [1]
  .text              ro code  0x0800205c     0x4  startup_stm32f4xx.o [1]
  .text              ro code  0x08002060     0x4  startup_stm32f4xx.o [1]
  .text              ro code  0x08002064     0x4  startup_stm32f4xx.o [1]
  .text              ro code  0x08002068     0x4  startup_stm32f4xx.o [1]
  .text              ro code  0x0800206c     0x4  startup_stm32f4xx.o [1]
  .text              ro code  0x08002070     0x4  startup_stm32f4xx.o [1]
  .text              ro code  0x08002074     0x4  startup_stm32f4xx.o [1]
  .text              ro code  0x08002078     0x4  startup_stm32f4xx.o [1]
  .text              ro code  0x0800207c     0x4  startup_stm32f4xx.o [1]
  .text              ro code  0x08002080     0x4  startup_stm32f4xx.o [1]
  .text              ro code  0x08002084     0x4  startup_stm32f4xx.o [1]
  .text              ro code  0x08002088     0x4  startup_stm32f4xx.o [1]
  .text              ro code  0x0800208c     0x4  startup_stm32f4xx.o [1]
  .text              ro code  0x08002090     0x4  startup_stm32f4xx.o [1]
  .text              ro code  0x08002094     0x4  startup_stm32f4xx.o [1]
  .text              ro code  0x08002098     0x4  startup_stm32f4xx.o [1]
  .text              ro code  0x0800209c     0x4  startup_stm32f4xx.o [1]
  .text              ro code  0x080020a0     0x4  startup_stm32f4xx.o [1]
  .text              ro code  0x080020a4     0x4  startup_stm32f4xx.o [1]
  .text              ro code  0x080020a8     0x4  startup_stm32f4xx.o [1]
  .text              ro code  0x080020ac     0x4  startup_stm32f4xx.o [1]
  .text              ro code  0x080020b0     0x4  startup_stm32f4xx.o [1]
  .text              ro code  0x080020b4     0x4  startup_stm32f4xx.o [1]
  .text              ro code  0x080020b8     0x4  startup_stm32f4xx.o [1]
  .text              ro code  0x080020bc     0x4  startup_stm32f4xx.o [1]
  .text              ro code  0x080020c0     0x4  startup_stm32f4xx.o [1]
  .text              ro code  0x080020c4     0x4  startup_stm32f4xx.o [1]
  .text              ro code  0x080020c8     0x4  startup_stm32f4xx.o [1]
  .text              ro code  0x080020cc     0x4  startup_stm32f4xx.o [1]
  .text              ro code  0x080020d0     0x4  startup_stm32f4xx.o [1]
  .text              ro code  0x080020d4     0x4  startup_stm32f4xx.o [1]
  .text              ro code  0x080020d8     0x4  startup_stm32f4xx.o [1]
  .text              ro code  0x080020dc     0x4  startup_stm32f4xx.o [1]
  .text              ro code  0x080020e0     0x4  startup_stm32f4xx.o [1]
  .text              ro code  0x080020e4     0x4  startup_stm32f4xx.o [1]
  .text              ro code  0x080020e8     0x4  startup_stm32f4xx.o [1]
  .text              ro code  0x080020ec     0x4  startup_stm32f4xx.o [1]
  .text              ro code  0x080020f0     0x4  startup_stm32f4xx.o [1]
  .text              ro code  0x080020f4     0x4  startup_stm32f4xx.o [1]
  .text              ro code  0x080020f8     0x4  startup_stm32f4xx.o [1]
  .text              ro code  0x080020fc     0x4  startup_stm32f4xx.o [1]
  .text              ro code  0x08002100     0x4  startup_stm32f4xx.o [1]
  .text              ro code  0x08002104     0x4  startup_stm32f4xx.o [1]
  .text              ro code  0x08002108     0x4  startup_stm32f4xx.o [1]
  .text              ro code  0x0800210c     0x4  startup_stm32f4xx.o [1]
  .text              ro code  0x08002110     0x4  startup_stm32f4xx.o [1]
  .text              ro code  0x08002114     0x4  startup_stm32f4xx.o [1]
  .text              ro code  0x08002118     0x4  startup_stm32f4xx.o [1]
  .text              ro code  0x0800211c     0x4  startup_stm32f4xx.o [1]
  .text              ro code  0x08002120     0x4  startup_stm32f4xx.o [1]
  .text              ro code  0x08002124     0x4  startup_stm32f4xx.o [1]
  .text              ro code  0x08002128     0x4  startup_stm32f4xx.o [1]
  .text              ro code  0x0800212c     0x4  startup_stm32f4xx.o [1]
  .text              ro code  0x08002130     0x4  startup_stm32f4xx.o [1]
  .text              ro code  0x08002134     0x4  startup_stm32f4xx.o [1]
  .text              ro code  0x08002138     0x4  startup_stm32f4xx.o [1]
  .text              ro code  0x0800213c     0x4  startup_stm32f4xx.o [1]
  .text              ro code  0x08002140     0x4  startup_stm32f4xx.o [1]
  .text              ro code  0x08002144     0x4  startup_stm32f4xx.o [1]
  .text              ro code  0x08002148     0x4  startup_stm32f4xx.o [1]
  .text              ro code  0x0800214c     0x4  startup_stm32f4xx.o [1]
  .text              ro code  0x08002150     0x4  startup_stm32f4xx.o [1]
  .text              ro code  0x08002154     0x4  startup_stm32f4xx.o [1]
  .text              ro code  0x08002158     0x4  startup_stm32f4xx.o [1]
  .text              ro code  0x0800215c     0x4  startup_stm32f4xx.o [1]
  .text              ro code  0x08002160     0x4  startup_stm32f4xx.o [1]
  .text              ro code  0x08002164     0x4  startup_stm32f4xx.o [1]
  .text              ro code  0x08002168     0x4  startup_stm32f4xx.o [1]
  .text              ro code  0x0800216c     0x4  startup_stm32f4xx.o [1]
  .text              ro code  0x08002170     0x4  startup_stm32f4xx.o [1]
  .text              ro code  0x08002174     0x4  startup_stm32f4xx.o [1]
  .text              ro code  0x08002178     0x4  startup_stm32f4xx.o [1]
  .text              ro code  0x0800217c     0x4  startup_stm32f4xx.o [1]
  .text              ro code  0x08002180     0x4  startup_stm32f4xx.o [1]
  .text              ro code  0x08002184     0x4  startup_stm32f4xx.o [1]
  .rodata            const    0x08002188     0x0  zero_init3.o [5]
  .rodata            const    0x08002188     0x0  copy_init3.o [5]
  Initializer bytes  const    0x08002188    0x18  <for P4 s0>
                            - 0x080021a0  0x2018

"P3":                                     0x2000
  CSTACK                      0x10000000  0x2000  <Block>
    CSTACK           uninit   0x10000000  0x2000  <Block tail>
                            - 0x10002000  0x2000

"P4", part 1 of 2:                          0x18
  P4 s0                       0x20000000    0x18  <Init block>
    .data            inited   0x20000000    0x10  stm32f4xx_rcc.o [1]
    .data            inited   0x20000010     0x4  system_stm32f4xx.o [1]
    .data            inited   0x20000014     0x1  main.o [1]
                            - 0x20000018    0x18

"P4", part 2 of 2:                          0x5c
  .bss               zero     0x20000018    0x38  main.o [1]
  .bss               zero     0x20000050    0x18  tm_stm32f4_gpio.o [1]
  .bss               zero     0x20000068     0x4  stm32f4xx_it.o [1]
  .bss               zero     0x2000006c     0x1  main.o [1]
  .bss               zero     0x2000006d     0x1  main.o [1]
  .bss               zero     0x2000006e     0x1  main.o [1]
  .bss               zero     0x2000006f     0x1  main.o [1]
  .bss               zero     0x20000070     0x1  main.o [1]
  .bss               zero     0x20000071     0x1  main.o [1]
                            - 0x20000072    0x5a


*******************************************************************************
*** INIT TABLE
***

          Address     Size
          -------     ----
Zero (__iar_zero_init3)
    1 destination range, total size 0x5a:
          0x20000018  0x5a

Copy (__iar_copy_init3)
    1 source range, total size 0x18 (114% of destination):
          0x08002188  0x18
    1 destination range, total size 0x15:
          0x20000000  0x15



*******************************************************************************
*** MODULE SUMMARY
***

    Module                         ro code  ro data  rw data
    ------                         -------  -------  -------
C:\Users\quanv\Documents\EE 475\door\Debug\Obj: [1]
    main.o                             460        1       63
    startup_stm32f4xx.o                772
    stm32f4xx_gpio.o                   184
    stm32f4xx_it.o                      48                 4
    stm32f4xx_rcc.o                    276       16       16
    stm32f4xx_tim.o                    750
    system_stm32f4xx.o                 340        4        4
    tm_stm32f4_gpio.o                  400                24
    tm_stm32f4_pwm.o                 3 456
    tm_stm32f4_servo.o                 172
    tm_stm32f4_timer_properties.o      692
    --------------------------------------------------------
    Total:                           7 550       21      111

command line: [2]
    --------------------------------------------------------
    Total:

dl7M_tln.a: [3]
    exit.o                               4
    low_level_init.o                     4
    --------------------------------------------------------
    Total:                               8

m7M_tls.a: [4]
    DblCmpEq.o                          32
    DblCmpLe.o                          46
    DblDiv.o                           582
    DblToU32.o                          40
    U32ToDbl.o                          26
    fpinit_M.o                          34
    --------------------------------------------------------
    Total:                             760

rt7M_tl.a: [5]
    cexit.o                             10
    cmain.o                             26
    copy_init3.o                        44
    cstartup_M.o                        12
    data_init.o                         40
    zero_init3.o                        64
    --------------------------------------------------------
    Total:                             196

shb_l.a: [6]
    exit.o                              20
    --------------------------------------------------------
    Total:                              20

    Gaps                                12        2
    Linker created                               39    8 192
------------------------------------------------------------
    Grand Total:                     8 546       62    8 303


*******************************************************************************
*** ENTRY LIST
***

Entry                      Address   Size  Type      Object
-----                      -------   ----  ----      ------
.iar.init_table$$Base   0x08001f98          --   Gb  - Linker created -
.iar.init_table$$Limit  0x08001fbc          --   Gb  - Linker created -
?main                   0x08001fbd         Code  Gb  cmain.o [5]
APBAHBPrescTable        0x20000000   0x10  Data  Lc  stm32f4xx_rcc.o [1]
BusFault_Handler        0x08001ef7    0x2  Code  Gb  stm32f4xx_it.o [1]
CSTACK$$Base            0x10000000          --   Gb  - Linker created -
CSTACK$$Limit           0x10002000          --   Gb  - Linker created -
DebugMon_Handler        0x08001efd    0x2  Code  Gb  stm32f4xx_it.o [1]
Door_FSM                0x08001afb   0x4e  Code  Gb  main.o [1]
GPIO_Init               0x08001ca5   0xa4  Code  Gb  stm32f4xx_gpio.o [1]
GPIO_ReadInputDataBit   0x08001d49   0x14  Code  Gb  stm32f4xx_gpio.o [1]
GPIO_UsedPins           0x20000050   0x18  Data  Lc  tm_stm32f4_gpio.o [1]
HardFault_Handler       0x08001ef3    0x2  Code  Gb  stm32f4xx_it.o [1]
MemManage_Handler       0x08001ef5    0x2  Code  Gb  stm32f4xx_it.o [1]
NMI_Handler             0x08001ef1    0x2  Code  Gb  stm32f4xx_it.o [1]
NVIC_SetPriority        0x08001a2d   0x22  Code  Lc  main.o [1]
PendSV_Handler          0x08001eff    0x2  Code  Gb  stm32f4xx_it.o [1]
RCC_AHB1PeriphClockCmd  0x080019f5   0x20  Code  Gb  stm32f4xx_rcc.o [1]
RCC_GetClocksFreq       0x08001919   0xdc  Code  Gb  stm32f4xx_rcc.o [1]
Region$$Table$$Base     0x08001f98          --   Gb  - Linker created -
Region$$Table$$Limit    0x08001fbc          --   Gb  - Linker created -
SVC_Handler             0x08001efb    0x2  Code  Gb  stm32f4xx_it.o [1]
Servo1                  0x20000018   0x38  Data  Gb  main.o [1]
SetSysClock             0x08001daf   0xce  Code  Lc  system_stm32f4xx.o [1]
SysTick_Config          0x08001a4f   0x30  Code  Lc  main.o [1]
SysTick_Handler         0x08001f01   0x14  Code  Gb  stm32f4xx_it.o [1]
SystemCoreClock         0x20000010    0x4  Data  Gb  system_stm32f4xx.o [1]
SystemInit              0x08001d5d   0x52  Code  Gb  system_stm32f4xx.o [1]
TIM1_CC_IRQHandler      0x08001f1f    0x2  Code  Gb  stm32f4xx_it.o [1]
TIM2_IRQHandler         0x08001f19    0x2  Code  Gb  stm32f4xx_it.o [1]
TIM3_IRQHandler         0x08001f1b    0x2  Code  Gb  stm32f4xx_it.o [1]
TIM4_IRQHandler         0x08001f1d    0x2  Code  Gb  stm32f4xx_it.o [1]
TIM_ARRPreloadConfig    0x08001501   0x1c  Code  Gb  stm32f4xx_tim.o [1]
TIM_CtrlPWMOutputs      0x08001765   0x22  Code  Gb  stm32f4xx_tim.o [1]
TIM_OC1Init             0x0800151d   0x78  Code  Gb  stm32f4xx_tim.o [1]
TIM_OC1PreloadConfig    0x08001721   0x10  Code  Gb  stm32f4xx_tim.o [1]
TIM_OC2Init             0x08001595   0x86  Code  Gb  stm32f4xx_tim.o [1]
TIM_OC2PreloadConfig    0x08001731   0x12  Code  Gb  stm32f4xx_tim.o [1]
TIM_OC3Init             0x0800161b   0x84  Code  Gb  stm32f4xx_tim.o [1]
TIM_OC3PreloadConfig    0x08001743   0x10  Code  Gb  stm32f4xx_tim.o [1]
TIM_OC4Init             0x0800169f   0x62  Code  Gb  stm32f4xx_tim.o [1]
TIM_OC4PreloadConfig    0x08001753   0x12  Code  Gb  stm32f4xx_tim.o [1]
TIM_TimeBaseInit        0x08001499   0x68  Code  Gb  stm32f4xx_tim.o [1]
TM_GPIO_GetPortSource   0x08001811    0xa  Code  Gb  tm_stm32f4_gpio.o [1]
TM_GPIO_INT_EnableClock
                        0x0800181b   0x18  Code  Gb  tm_stm32f4_gpio.o [1]
TM_GPIO_INT_Init        0x08001833   0xd8  Code  Gb  tm_stm32f4_gpio.o [1]
TM_GPIO_InitAlternate   0x08001789   0x88  Code  Gb  tm_stm32f4_gpio.o [1]
TM_PWM_INT_InitTIM10Pins
                        0x08000cc5   0x54  Code  Gb  tm_stm32f4_pwm.o [1]
TM_PWM_INT_InitTIM11Pins
                        0x08000d1d   0x54  Code  Gb  tm_stm32f4_pwm.o [1]
TM_PWM_INT_InitTIM12Pins
                        0x08000d7d   0x9e  Code  Gb  tm_stm32f4_pwm.o [1]
TM_PWM_INT_InitTIM13Pins
                        0x08000e2d   0x54  Code  Gb  tm_stm32f4_pwm.o [1]
TM_PWM_INT_InitTIM14Pins
                        0x08000e91   0x54  Code  Gb  tm_stm32f4_pwm.o [1]
TM_PWM_INT_InitTIM1Pins
                        0x0800048f  0x13e  Code  Gb  tm_stm32f4_pwm.o [1]
TM_PWM_INT_InitTIM2Pins
                        0x080005cd  0x150  Code  Gb  tm_stm32f4_pwm.o [1]
TM_PWM_INT_InitTIM3Pins
                        0x0800071d  0x16e  Code  Gb  tm_stm32f4_pwm.o [1]
TM_PWM_INT_InitTIM4Pins
                        0x0800088b  0x13a  Code  Gb  tm_stm32f4_pwm.o [1]
TM_PWM_INT_InitTIM5Pins
                        0x080009c5  0x134  Code  Gb  tm_stm32f4_pwm.o [1]
TM_PWM_INT_InitTIM8Pins
                        0x08000af9  0x130  Code  Gb  tm_stm32f4_pwm.o [1]
TM_PWM_INT_InitTIM9Pins
                        0x08000c29   0x98  Code  Gb  tm_stm32f4_pwm.o [1]
TM_PWM_InitChannel      0x08000285   0xfa  Code  Gb  tm_stm32f4_pwm.o [1]
TM_PWM_InitTimer        0x08000189   0xfc  Code  Gb  tm_stm32f4_pwm.o [1]
TM_PWM_SetChannel       0x0800037f   0xee  Code  Gb  tm_stm32f4_pwm.o [1]
TM_PWM_SetChannelMicros
                        0x0800046d   0x22  Code  Gb  tm_stm32f4_pwm.o [1]
TM_SERVO_Init           0x08001bf9   0x42  Code  Gb  tm_stm32f4_servo.o [1]
TM_SERVO_SetDegrees     0x08001c3d   0x52  Code  Gb  tm_stm32f4_servo.o [1]
TM_TIMER_PROPERTIES_EnableClock
                        0x0800107f  0x100  Code  Gb  tm_stm32f4_timer_properties.o [1]
TM_TIMER_PROPERTIES_GenerateDataForWorkingFrequency
                        0x08000fbb   0xc4  Code  Gb  tm_stm32f4_timer_properties.o [1]
TM_TIMER_PROPERTIES_GetTimerProperties
                        0x08000f09   0xb2  Code  Gb  tm_stm32f4_timer_properties.o [1]
TimmingDelay            0x20000068    0x4  Data  Gb  stm32f4xx_it.o [1]
UsageFault_Handler      0x08001ef9    0x2  Code  Gb  stm32f4xx_it.o [1]
__aeabi_cdcmpeq         0x08001209         Code  Gb  DblCmpEq.o [4]
__aeabi_cdcmple         0x080011d9         Code  Gb  DblCmpLe.o [4]
__aeabi_d2uiz           0x08001229         Code  Gb  DblToU32.o [4]
__aeabi_ddiv            0x08001251         Code  Gb  DblDiv.o [4]
__aeabi_ui2d            0x080011bd         Code  Gb  U32ToDbl.o [4]
__cmain                 0x08001fbd         Code  Gb  cmain.o [5]
__exit                  0x08001fed   0x14  Code  Gb  exit.o [6]
__iar_copy_init3        0x08001f21   0x2c  Code  Gb  copy_init3.o [5]
__iar_data_init3        0x08001f4d   0x28  Code  Gb  data_init.o [5]
__iar_init_vfp          0x08001f75         Code  Gb  fpinit_M.o [4]
__iar_program_start     0x08002011         Code  Gb  cstartup_M.o [5]
__iar_systems$$module {Abs}
                        0x00000001         Data  Gb  command line/config [2]
__iar_zero_init3        0x08001eb1   0x40  Code  Gb  zero_init3.o [5]
__low_level_init        0x08001fd7    0x4  Code  Gb  low_level_init.o [3]
__vector_table          0x08000000         Data  Gb  startup_stm32f4xx.o [1]
_call_main              0x08001fc9         Code  Gb  cmain.o [5]
_exit                   0x08001fe1         Code  Gb  cexit.o [5]
_main                   0x08001fd3         Code  Gb  cmain.o [5]
close_door              0x08001b6b   0x22  Code  Gb  main.o [1]
exit                    0x08001fdb    0x4  Code  Gb  exit.o [3]
inside_curr_state       0x2000006e    0x1  Data  Gb  main.o [1]
inside_prev_state       0x2000006f    0x1  Data  Gb  main.o [1]
main                    0x08001a7f   0x7c  Code  Gb  main.o [1]
open_door               0x08001b49   0x22  Code  Gb  main.o [1]
outside_state           0x2000006d    0x1  Data  Gb  main.o [1]
ras_pi_state            0x20000070    0x1  Data  Gb  main.o [1]
read_input              0x08001b8d   0x2e  Code  Gb  main.o [1]
servo_close_angle       0x20000014    0x1  Data  Gb  main.o [1]
servo_open_angle        0x20000071    0x1  Data  Gb  main.o [1]
state                   0x2000006c    0x1  Data  Gb  main.o [1]


[1] = C:\Users\quanv\Documents\EE 475\door\Debug\Obj
[2] = command line
[3] = dl7M_tln.a
[4] = m7M_tls.a
[5] = rt7M_tl.a
[6] = shb_l.a

  8 546 bytes of readonly  code memory
     62 bytes of readonly  data memory
  8 303 bytes of readwrite data memory

Errors: none
Warnings: none
